{
  "annotations": {
    "title": "Get a release by tag name",
    "readOnlyHint": true
  },
  "description": "Get a specific release by its tag name in a GitHub repository",
  "inputSchema": {
    "type": "object",
    "properties": {
      "owner": {
        "description": "Repository owner",
        "type": "string"
      },
      "repo": {
        "description": "Repository name",
        "type": "string"
      },
      "tag": {
        "description": "Tag name (e.g., 'v1.0.0')",
        "type": "string"
      }
    },
    "required": [
      "owner",
      "repo",
      "tag"
    ]
  },
  "name": "get_release_by_tag"
}